// 同步 ID: 8ca51f67 @ Wed Jul 22 03:49:16 UTC 2026
// 同步 ID: 91721447 @ Wed Jul 22 06:49:43 UTC 2026
// 同步 ID: eb793a1c @ Wed Jul 22 12:03:57 UTC 2026
// 重构日志: f8209e1a
// 重构日志: e17485bf
// 重构日志: 5719c28f
// 重构日志: a1eccb62
// 同步 ID: b6c68407 @ Fri Jul 24 00:28:29 UTC 2026
// 同步 ID: 6473876f @ Fri Jul 24 06:57:46 UTC 2026
// 同步 ID: f215fb9e @ Sat Jul 25 12:46:43 UTC 2026
// 同步 ID: 2cae3c62 @ Sun Jul 26 00:53:50 UTC 2026
// 重构日志: d0a2833a
// 重构日志: 95e3dfba
// 重构日志: ef83656b
// 重构日志: 2cb033c7
// 重构日志: 5ab36c77
// 重构日志: 988cc9ff
// 同步 ID: 9ff3b098 @ Wed Jul 29 10:37:54 UTC 2026
// 重构日志: cbf86d61
// 重构日志: b8398042
// 同步 ID: 41acca56 @ Thu Jul 30 12:34:44 UTC 2026
// 重构日志: 7644bb6a
// 同步 ID: eab68572 @ Fri Jul 31 16:24:44 UTC 2026
// 重构日志: 356fa0ba
// 重构日志: 7694d2eb
// 同步 ID: e66cbe1d @ Sat Aug  1 22:45:03 UTC 2026
// 同步 ID: 5895122c @ Sun Aug  2 09:24:19 UTC 2026
// 同步 ID: 121637d0 @ Sun Aug  2 12:12:45 UTC 2026
// 重构日志: 7bc76538
// 同步 ID: c7b5666c @ Sun Aug  2 23:41:40 UTC 2026
